// Jest Snapshot v1, https://goo.gl/fbAQLP

exports[`<FormGroup /> shallow 1`] = `
<ContextProvider
  value={
    Object {
      "hasError": undefined,
      "hasFloatingLabel": undefined,
      "hasLabel": undefined,
      "isFilled": false,
      "isFocused": false,
      "onBlur": [Function],
      "onEmpty": [Function],
      "onFilled": [Function],
      "onFocus": [Function],
    }
  }
>
  <Box
    className="form-group has-success without-label"
  >
    FormGroup
  </Box>
</ContextProvider>
`;
