// Jest Snapshot v1, https://goo.gl/fbAQLP

exports[`<FormControl /> shallow 1`] = `
<input
  className="form-control"
  onBlur={[Function]}
  onFocus={[Function]}
/>
`;
