// Jest Snapshot v1, https://goo.gl/fbAQLP

exports[`<Textarea /> shallow 1`] = `
<withGeneratedId(forwardRef(FormField))
  control={[Function]}
  kind="textarea"
  validate={Array []}
/>
`;
