// Jest Snapshot v1, https://goo.gl/fbAQLP

exports[`<Checkbox /> shallow 1`] = `
<withGeneratedId(forwardRef(FormField))
  control={[Function]}
  kind="checkbox"
/>
`;
