// Jest Snapshot v1, https://goo.gl/fbAQLP

exports[`<FormField /> shallow 1`] = `
<forwardRef(FormField)
  control={[Function]}
  generatedId="0"
  name="testFormField"
  suffix={<DummyIcon />}
/>
`;
