// Jest Snapshot v1, https://goo.gl/fbAQLP

exports[`<Radio /> shallow 1`] = `
<withGeneratedId(forwardRef(FormField))
  control={[Function]}
  kind="radio"
/>
`;
